// Jest Snapshot v1, https://goo.gl/fbAQLP

exports[`JavaRuntimesCard expect to render 1`] = `
<ReportCard
  skipBullseye={true}
  title="Oracle Java runtimes information"
>
  <Grid
    gutter="sm"
    xl={6}
  >
    <GridItem>
      <Bullseye>
        <FancyChartDonut
          chartProps={
            Object {
              "subTitle": "Total",
              "title": "45",
            }
          }
          data={
            Array [
              Object {
                "extraData": 10,
                "label": "VendorA JDK 8",
                "value": 0.2222222222222222,
              },
              Object {
                "extraData": 15,
                "label": "VendorB JDK 8",
                "value": 0.3333333333333333,
              },
              Object {
                "extraData": 20,
                "label": "VendorB JDK 11",
                "value": 0.4444444444444444,
              },
            ]
          }
          tickFormat={[Function]}
          tooltipFormat={[Function]}
        />
      </Bullseye>
    </GridItem>
    <GridItem>
      <Bullseye>
        <SolidCard
          description="Oracle JDKs that can be replaced with OpenJDK"
          title="8 OpenJDK"
          width={510}
        />
      </Bullseye>
    </GridItem>
  </Grid>
</ReportCard>
`;

exports[`JavaRuntimesCard expect to render empty card when no java runtimes 1`] = `
<Component
  cardTitle="Oracle Java runtimes information"
  description="No instances of Oracle JDKs have been discovered."
  message="No instances found"
/>
`;

exports[`JavaRuntimesCard expect to render empty card when undefined reportWorkloadSummary 1`] = `
<Component
  cardTitle="Oracle Java runtimes information"
  description="No instances of Oracle JDKs have been discovered."
  message="No instances found"
/>
`;
