// Jest Snapshot v1, https://goo.gl/fbAQLP

exports[`ScansRunTable should render table expect to render table using smartStateEnabled mapping 1`] = `
<Fragment>
  <Component
    aria-label="Scans run table"
    borders={false}
    cells={
      Array [
        "Target",
        "Type",
        "Date",
      ]
    }
    rows={
      Array [
        Array [
          "vSphere1",
          "Virt Platform + SmartState",
          "July 19, 2016, UTC",
        ],
        Array [
          "vSphere2",
          "Virt Platform",
          "September 18, 2019, UTC",
        ],
        Array [
          "vSphere3",
          "Virt Platform",
          "May 26, 2020, UTC",
        ],
      ]
    }
    variant="compact"
  >
    <TableHeader />
    <TableBody />
  </Component>
</Fragment>
`;
