// Jest Snapshot v1, https://goo.gl/fbAQLP

exports[`FancyChartDonut expect to render with minimun props 1`] = `
<Fragment>
  <div
    className="pf-u-display-flex"
  >
    <div
      className="donut-chart-container"
    >
      <ChartDonut
        constrainToVisibleArea={true}
        data={
          Array [
            Object {
              "extraData": Object {},
              "x": "year1",
              "y": 10,
            },
            Object {
              "extraData": Object {},
              "x": "year2",
              "y": 20,
            },
            Object {
              "extraData": Object {},
              "x": "year3",
              "y": 30,
            },
            Object {
              "extraData": Object {},
              "x": "year4",
              "y": 40,
            },
          ]
        }
        height={190}
        labelComponent={<ChartTooltip />}
        labels={[Function]}
        legendAllowWrap={true}
        legendData={
          Array [
            Object {
              "name": "year1: 10",
            },
            Object {
              "name": "year2: 20",
            },
            Object {
              "name": "year3: 30",
            },
            Object {
              "name": "year4: 40",
            },
          ]
        }
        legendOrientation="vertical"
        legendPosition="right"
        padding={
          Object {
            "bottom": 20,
            "left": 20,
            "right": 160,
            "top": 20,
          }
        }
        themeColor="multi-ordered"
        themeVariant="light"
        width={420}
      />
    </div>
  </div>
</Fragment>
`;
